class InlineSnapshotTests: XCTestCase {
  _assertInlineSnapshot(matching: post, as: .raw(pretty: true), with: """
  NEW_SNAPSHOT
  with two lines
  """)

  _assertInlineSnapshot(matching: post, as: .raw(pretty: true), with: """
  NEW_SNAPSHOT
  """)
}