_assertInlineSnapshot(matching: post, as: .raw(pretty: true), with: """
NEW_SNAPSHOT
""")