Lorem ipsum  sit amet, consectetur  adipiscing elit, sed do